---
source: tests/init.rs
expression: tree
---
{
  ".cargo": {
    "config.toml": "[build]\ntarget-dir = \"target\"\n"
  },
  "compete.toml": "# Path to the test file (Liquid template)\n#\n# Variables:\n#\n# - `manifest_dir`: Package directory\n# - `contest`:      Contest ID (e.g. \"abc100\")\n# - `bin_name`:     Name of a `bin` target (e.g. \"abc100-a\")\n# - `bin_alias`:    \"Alias\" for a `bin` target defined in `pacakge.metadata.cargo-compete` (e.g. \"a\")\n# - `problem`:      Alias for `bin_alias` (deprecated)\n#\n# Additional filters:\n#\n# - `kebabcase`: Convert to kebab case (by using the `heck` crate)\ntest-suite = \"{{ manifest_dir }}/testcases/{{ bin_alias }}.yml\"\n\n# Open files with the command (`jq` command that outputs `string[] | string[][]`)\n#\n# VSCode:\n#open = '[[\"code\", \"-a\", .manifest_dir], [\"code\"] + (.paths | map([.src, .test_suite]) | flatten)]'\n# Emacs:\n#open = '[\"emacsclient\", \"-n\"] + (.paths | map([.src, .test_suite]) | flatten)'\n\n[template]\nsrc = '''\nfn main() {\n    todo!();\n}\n'''\n\n[template.new]\n# `edition` for `Cargo.toml`.\nedition = \"2021\"\n# `profile` for `Cargo.toml`.\n#\n# By setting this, you can run tests with `opt-level=3` while enabling `debug-assertions` and `overflow-checks`.\n#profile = '''\n#[dev]\n#opt-level = 3\n#'''\ndependencies = '''\nac-library-rs = \"=0.1.1\"\nonce_cell = \"=1.18.0\"\nstatic_assertions = \"=1.1.0\"\nvarisat = \"=0.2.2\"\nmemoise = \"=0.3.2\"\nargio = \"=0.2.0\"\nbitvec = \"=1.0.1\"\ncounter = \"=0.5.7\"\nhashbag = \"=0.1.11\"\npathfinding = \"=4.3.0\"\nrecur-fn = \"=2.2.0\"\nindexing = { version = \"=0.4.1\", features = [\"experimental_pointer_ranges\"] }\namplify = { version = \"=3.14.2\", features = [\"c_raw\", \"rand\", \"stringly_conversions\"] }\namplify_derive = \"=2.11.3\"\namplify_num = { version = \"=0.4.1\", features = [\"std\"] }\neasy-ext = \"=1.0.1\"\nmultimap = \"=0.9.0\"\nbtreemultimap = \"=0.1.1\"\nbstr = \"=1.6.0\"\naz = \"=1.2.1\"\nglidesort = \"=0.1.2\"\ntap = \"=1.0.1\"\nomniswap = \"=0.1.0\"\nmultiversion = \"=0.7.2\"\nnum = \"=0.4.1\"\nnum-bigint = \"=0.4.3\"\nnum-complex = \"=0.4.3\"\nnum-integer = \"=0.1.45\"\nnum-iter = \"=0.1.43\"\nnum-rational = \"=0.4.1\"\nnum-traits = \"=0.2.15\"\nnum-derive = \"=0.4.0\"\nndarray = \"=0.15.6\"\nnalgebra = \"=0.32.3\"\nalga = \"=0.9.3\"\nlibm = \"=0.2.7\"\nrand = { version = \"=0.8.5\", features = [\"small_rng\", \"min_const_gen\"] }\ngetrandom = \"=0.2.10\"\nrand_chacha = \"=0.3.1\"\nrand_core = \"=0.6.4\"\nrand_hc = \"=0.3.2\"\nrand_pcg = \"=0.3.1\"\nrand_distr = \"=0.4.3\"\npetgraph = \"=0.6.3\"\nindexmap = \"=2.0.0\"\nregex = \"=1.9.1\"\nlazy_static = \"=1.4.0\"\nordered-float = \"=3.7.0\"\nascii = \"=1.1.0\"\npermutohedron = \"=0.2.4\"\nsuperslice = \"=1.0.0\"\nitertools = \"=0.11.0\"\nitertools-num = \"=0.1.3\"\nmaplit = \"=1.0.2\"\neither = \"=1.8.1\"\nim-rc = \"=15.1.0\"\nfixedbitset = \"=0.4.2\"\nbitset-fixed = \"=0.1.0\"\nproconio = { version = \"=0.4.5\", features = [\"derive\"] }\ntext_io = \"=0.1.12\"\nrustc-hash = \"=1.1.0\"\nsmallvec = { version = \"=1.11.0\", features = [\"const_generics\", \"const_new\", \"write\", \"union\", \"serde\", \"arbitrary\"] }\n'''\ndev-dependencies = '''\n#atcoder-202004-lock = { git = \"https://github.com/qryxip/atcoder-202004-lock\" }\n'''\n\n[template.new.copy-files]\n\"./template-cargo-lock.toml\" = \"Cargo.lock\"\n\n[new]\nkind = \"cargo-compete\"\n# Platform\n#\n# - atcoder\n# - codeforces\n# - yukicoder\nplatform = \"atcoder\"\n# Path (Liquid template)\n#\n# Variables:\n#\n# - `contest`:      Contest ID. **May be nil**\n# - `package_name`: Package name\npath = \"./{{ contest }}\"\n\n#[new]\n#kind = \"oj-api\"\n#url = \"https://atcoder.jp/contests/{{ id }}\"\n#path = \"./{{ contest }}\"\n\n# for Library-Checker\n#[add]\n#url = \"https://judge.yosupo.jp/problem/{{ args[0] }}\"\n##is-contest = [\"false\"] # optional\n##target-kind = \"bin\" # [\"bin\", \"example\"]. default to \"bin\"\n#bin-name = '{{ args[0] }}'\n##bin-alias = '{{ args[0] }}' # optional\n##bin-src-path = './src/bin/{{ bin_alias }}.rs' # optional\n\n# for yukicoder\n#[add]\n#url = '{% case args[0] %}{% when \"contest\" %}https://yukicoder.me/contests/{{ args[1] }}{% when \"problem\" %}https://yukicoder.me/problems/no/{{ args[1] }}{% endcase %}'\n#is-contest = [\"bash\", \"-c\", '[[ $(cut -d / -f 4) == \"contests\" ]]'] # optional\n##target-kind = \"bin\" # [\"bin\", \"example\"]. default to \"bin\"\n#bin-name = '{% assign segments = url | split: \"/\" %}{{ segments[5] }}'\n##bin-alias = '{% assign segments = url | split: \"/\" %}{{ segments[5] }}' # optional\n##bin-src-path = './src/bin/{{ bin_alias }}.rs' # optional\n\n[test]\n# Toolchain for the test. (optional)\ntoolchain = \"1.70.0\"\n# Profile for `cargo build`. (\"dev\" | \"release\")\n#\n# Defaults to `\"dev\"`.\n#profile = \"dev\"\n\n[submit]\nkind = \"file\"\npath = \"{{ src_path }}\"\nlanguage_id = \"5054\"\n#[submit]\n#kind = \"command\"\n#args = [\"cargo\", \"equip\", \"--exclude-atcoder-crates\", \"--resolve-cfgs\", \"--remove\", \"docs\", \"--minify\", \"libs\", \"--rustfmt\", \"--check\", \"--bin\", \"{{ bin_name }}\"]\n#language_id = \"5054\"",
  "template-cargo-lock.toml": "# This file is automatically @generated by Cargo.\n# It is not intended for manual editing.\nversion = 3\n\n[[package]]\nname = \"ac-library-rs\"\nversion = \"0.1.1\"\nsource = \"registry+https://github.com/rust-lang/crates.io-index\"\nchecksum = \"09e1ead7b72f44698f97266946c0576d00c9e2010858f5aba47aa4660177ef73\"\n\n[[package]]\nname = \"aho-corasick\"\nversion = \"1.0.2\"\nsource = \"registry+https://github.com/rust-lang/crates.io-index\"\nchecksum = \"43f6cb1bf222025340178f382c426f13757b2960e89779dfcb319c32542a5a41\"\ndependencies = [\n \"memchr\",\n]\n\n[[package]]\nname = \"alga\"\nversion = \"0.9.3\"\nsource = \"registry+https://github.com/rust-lang/crates.io-index\"\nchecksum = \"4f823d037a7ec6ea2197046bafd4ae150e6bc36f9ca347404f46a46823fa84f2\"\ndependencies = [\n \"approx 0.3.2\",\n \"num-complex 0.2.4\",\n \"num-traits\",\n]\n\n[[package]]\nname = \"amplify\"\nversion = \"3.14.2\"\nsource = \"registry+https://github.com/rust-lang/crates.io-index\"\nchecksum = \"ba2ec14f4fb838e9ddace42fa5944bb1ee4dff8477494ba48c5f874e16caf27a\"\ndependencies = [\n \"amplify_derive\",\n \"amplify_num\",\n \"libc\",\n \"rand\",\n \"stringly_conversions\",\n \"wasm-bindgen\",\n]\n\n[[package]]\nname = \"amplify_derive\"\nversion = \"2.11.3\"\nsource = \"registry+https://github.com/rust-lang/crates.io-index\"\nchecksum = \"1c3de270e75f27a4468a7c344070109046656e85cb522141f7d40ab4b83803ac\"\ndependencies = [\n \"amplify_syn\",\n \"proc-macro2\",\n \"quote\",\n \"syn 1.0.109\",\n]\n\n[[package]]\nname = \"amplify_num\"\nversion = \"0.4.1\"\nsource = \"registry+https://github.com/rust-lang/crates.io-index\"\nchecksum = \"f27d3d00d3d115395a7a8a4dc045feb7aa82b641e485f7e15f4e67ac16f4f56d\"\n\n[[package]]\nname = \"amplify_syn\"\nversion = \"1.1.6\"\nsource = \"registry+https://github.com/rust-lang/crates.io-index\"\nchecksum = \"da24db1445cc7bc3842fa072c2d51fe5b25b812b6a572d65842a4c72e87221ac\"\ndependencies = [\n \"proc-macro2\",\n \"quote\",\n \"syn 1.0.109\",\n]\n\n[[package]]\nname = \"anyhow\"\nversion = \"1.0.72\"\nsource = \"registry+https://github.com/rust-lang/crates.io-index\"\nchecksum = \"3b13c32d80ecc7ab747b80c3784bce54ee8a7a0cc4fbda9bf4cda2cf6fe90854\"\n\n[[package]]\nname = \"approx\"\nversion = \"0.3.2\"\nsource = \"registry+https://github.com/rust-lang/crates.io-index\"\nchecksum = \"f0e60b75072ecd4168020818c0107f2857bb6c4e64252d8d3983f6263b40a5c3\"\ndependencies = [\n \"num-traits\",\n]\n\n[[package]]\nname = \"approx\"\nversion = \"0.5.1\"\nsource = \"registry+https://github.com/rust-lang/crates.io-index\"\nchecksum = \"cab112f0a86d568ea0e627cc1d6be74a1e9cd55214684db5561995f6dad897c6\"\ndependencies = [\n \"num-traits\",\n]\n\n[[package]]\nname = \"arbitrary\"\nversion = \"1.3.0\"\nsource = \"registry+https://github.com/rust-lang/crates.io-index\"\nchecksum = \"e2d098ff73c1ca148721f37baad5ea6a465a13f9573aba8641fbbbae8164a54e\"\n\n[[package]]\nname = \"argio\"\nversion = \"0.2.0\"\nsource = \"registry+https://github.com/rust-lang/crates.io-index\"\nchecksum = \"edcfc5018bf09b4bba1fd737598ba0ed9671da849a510611716804e616816393\"\ndependencies = [\n \"argio-macro\",\n \"proconio\",\n]\n\n[[package]]\nname = \"argio-macro\"\nversion = \"0.2.0\"\nsource = \"registry+https://github.com/rust-lang/crates.io-index\"\nchecksum = \"02fe9db01606837393bc98b3bbb73a5e44c52ecf9e5275c3d352b4c5c1b3f29e\"\ndependencies = [\n \"proc-macro2\",\n \"quote\",\n \"regex\",\n \"syn 1.0.109\",\n]\n\n[[package]]\nname = \"ascii\"\nversion = \"1.1.0\"\nsource = \"registry+https://github.com/rust-lang/crates.io-index\"\nchecksum = \"d92bec98840b8f03a5ff5413de5293bfcd8bf96467cf5452609f939ec6f5de16\"\n\n[[package]]\nname = \"autocfg\"\nversion = \"1.1.0\"\nsource = \"registry+https://github.com/rust-lang/crates.io-index\"\nchecksum = \"d468802bab17cbc0cc575e9b053f41e72aa36bfa6b7f55e3529ffa43161b97fa\"\n\n[[package]]\nname = \"az\"\nversion = \"1.2.1\"\nsource = \"registry+https://github.com/rust-lang/crates.io-index\"\nchecksum = \"7b7e4c2464d97fe331d41de9d5db0def0a96f4d823b8b32a2efd503578988973\"\n\n[[package]]\nname = \"bitmaps\"\nversion = \"2.1.0\"\nsource = \"registry+https://github.com/rust-lang/crates.io-index\"\nchecksum = \"031043d04099746d8db04daf1fa424b2bc8bd69d92b25962dcde24da39ab64a2\"\ndependencies = [\n \"typenum\",\n]\n\n[[package]]\nname = \"bitset-fixed\"\nversion = \"0.1.0\"\nsource = \"registry+https://github.com/rust-lang/crates.io-index\"\nchecksum = \"a8cc868e96ba5c32ffae4d42bf2940ca7fca317dcef3f19b6d7de66b6885abff\"\n\n[[package]]\nname = \"bitvec\"\nversion = \"1.0.1\"\nsource = \"registry+https://github.com/rust-lang/crates.io-index\"\nchecksum = \"1bc2832c24239b0141d5674bb9174f9d68a8b5b3f2753311927c172ca46f7e9c\"\ndependencies = [\n \"funty\",\n \"radium\",\n \"tap\",\n \"wyz\",\n]\n\n[[package]]\nname = \"bstr\"\nversion = \"1.6.0\"\nsource = \"registry+https://github.com/rust-lang/crates.io-index\"\nchecksum = \"6798148dccfbff0fae41c7574d2fa8f1ef3492fba0face179de5d8d447d67b05\"\ndependencies = [\n \"memchr\",\n \"regex-automata\",\n \"serde\",\n]\n\n[[package]]\nname = \"btreemultimap\"\nversion = \"0.1.1\"\nsource = \"registry+https://github.com/rust-lang/crates.io-index\"\nchecksum = \"6786e40464bbcf1d72084fb26dd5f96c10c41c23a6d2f118d8c82870d4aa5447\"\ndependencies = [\n \"serde\",\n]\n\n[[package]]\nname = \"bumpalo\"\nversion = \"3.13.0\"\nsource = \"registry+https://github.com/rust-lang/crates.io-index\"\nchecksum = \"a3e2c3daef883ecc1b5d58c15adae93470a91d425f3532ba1695849656af3fc1\"\n\n[[package]]\nname = \"bytemuck\"\nversion = \"1.13.1\"\nsource = \"registry+https://github.com/rust-lang/crates.io-index\"\nchecksum = \"17febce684fd15d89027105661fec94afb475cb995fbc59d2865198446ba2eea\"\n\n[[package]]\nname = \"cfg-if\"\nversion = \"1.0.0\"\nsource = \"registry+https://github.com/rust-lang/crates.io-index\"\nchecksum = \"baf1de4339761588bc0619e3cbc0120ee582ebb74b53b4efbf79117bd2da40fd\"\n\n[[package]]\nname = \"counter\"\nversion = \"0.5.7\"\nsource = \"registry+https://github.com/rust-lang/crates.io-index\"\nchecksum = \"2d458e66999348f56fd3ffcfbb7f7951542075ca8359687c703de6500c1ddccd\"\ndependencies = [\n \"num-traits\",\n]\n\n[[package]]\nname = \"easy-ext\"\nversion = \"1.0.1\"\nsource = \"registry+https://github.com/rust-lang/crates.io-index\"\nchecksum = \"49457524c7e65648794c98283282a0b7c73b10018e7091f1cdcfff314fd7ae59\"\n\n[[package]]\nname = \"either\"\nversion = \"1.8.1\"\nsource = \"registry+https://github.com/rust-lang/crates.io-index\"\nchecksum = \"7fcaabb2fef8c910e7f4c7ce9f67a1283a1715879a7c230ca9d6d1ae31f16d91\"\n\n[[package]]\nname = \"equivalent\"\nversion = \"1.0.1\"\nsource = \"registry+https://github.com/rust-lang/crates.io-index\"\nchecksum = \"5443807d6dff69373d433ab9ef5378ad8df50ca6298caf15de6e52e24aaf54d5\"\n\n[[package]]\nname = \"fixedbitset\"\nversion = \"0.4.2\"\nsource = \"registry+https://github.com/rust-lang/crates.io-index\"\nchecksum = \"0ce7134b9999ecaf8bcd65542e436736ef32ddca1b3e06094cb6ec5755203b80\"\n\n[[package]]\nname = \"funty\"\nversion = \"2.0.0\"\nsource = \"registry+https://github.com/rust-lang/crates.io-index\"\nchecksum = \"e6d5a32815ae3f33302d95fdcb2ce17862f8c65363dcfd29360480ba1001fc9c\"\n\n[[package]]\nname = \"getrandom\"\nversion = \"0.2.10\"\nsource = \"registry+https://github.com/rust-lang/crates.io-index\"\nchecksum = \"be4136b2a15dd319360be1c07d9933517ccf0be8f16bf62a3bee4f0d618df427\"\ndependencies = [\n \"cfg-if\",\n \"libc\",\n \"wasi\",\n]\n\n[[package]]\nname = \"glidesort\"\nversion = \"0.1.2\"\nsource = \"registry+https://github.com/rust-lang/crates.io-index\"\nchecksum = \"f2e102e6eb644d3e0b186fc161e4460417880a0a0b87d235f2e5b8fb30f2e9e0\"\n\n[[package]]\nname = \"hashbag\"\nversion = \"0.1.11\"\nsource = \"registry+https://github.com/rust-lang/crates.io-index\"\nchecksum = \"b3d44c238cb72d3e8993a30c32e97b2b2c2c1a12388603f28c4f19a44c4396bc\"\n\n[[package]]\nname = \"hashbrown\"\nversion = \"0.12.3\"\nsource = \"registry+https://github.com/rust-lang/crates.io-index\"\nchecksum = \"8a9ee70c43aaf417c914396645a0fa852624801b24ebb7ae78fe8272889ac888\"\n\n[[package]]\nname = \"hashbrown\"\nversion = \"0.14.0\"\nsource = \"registry+https://github.com/rust-lang/crates.io-index\"\nchecksum = \"2c6201b9ff9fd90a5a3bac2e56a830d0caa509576f0e503818ee82c181b3437a\"\n\n[[package]]\nname = \"im-rc\"\nversion = \"15.1.0\"\nsource = \"registry+https://github.com/rust-lang/crates.io-index\"\nchecksum = \"af1955a75fa080c677d3972822ec4bad316169ab1cfc6c257a942c2265dbe5fe\"\ndependencies = [\n \"bitmaps\",\n \"rand_core\",\n \"rand_xoshiro\",\n \"sized-chunks\",\n \"typenum\",\n \"version_check\",\n]\n\n[[package]]\nname = \"indexing\"\nversion = \"0.4.1\"\nsource = \"registry+https://github.com/rust-lang/crates.io-index\"\nchecksum = \"d3c4d532eb2a0194b8cfa6ca3745f817e58e6844bb86a0cbba5ada68de5fce10\"\n\n[[package]]\nname = \"indexmap\"\nversion = \"1.9.3\"\nsource = \"registry+https://github.com/rust-lang/crates.io-index\"\nchecksum = \"bd070e393353796e801d209ad339e89596eb4c8d430d18ede6a1cced8fafbd99\"\ndependencies = [\n \"autocfg\",\n \"hashbrown 0.12.3\",\n]\n\n[[package]]\nname = \"indexmap\"\nversion = \"2.0.0\"\nsource = \"registry+https://github.com/rust-lang/crates.io-index\"\nchecksum = \"d5477fe2230a79769d8dc68e0eabf5437907c0457a5614a9e8dddb67f65eb65d\"\ndependencies = [\n \"equivalent\",\n \"hashbrown 0.14.0\",\n]\n\n[[package]]\nname = \"integer-sqrt\"\nversion = \"0.1.5\"\nsource = \"registry+https://github.com/rust-lang/crates.io-index\"\nchecksum = \"276ec31bcb4a9ee45f58bec6f9ec700ae4cf4f4f8f2fa7e06cb406bd5ffdd770\"\ndependencies = [\n \"num-traits\",\n]\n\n[[package]]\nname = \"itertools\"\nversion = \"0.11.0\"\nsource = \"registry+https://github.com/rust-lang/crates.io-index\"\nchecksum = \"b1c173a5686ce8bfa551b3563d0c2170bf24ca44da99c7ca4bfdab5418c3fe57\"\ndependencies = [\n \"either\",\n]\n\n[[package]]\nname = \"itertools-num\"\nversion = \"0.1.3\"\nsource = \"registry+https://github.com/rust-lang/crates.io-index\"\nchecksum = \"a872a22f9e6f7521ca557660adb96dd830e54f0f490fa115bb55dd69d38b27e7\"\ndependencies = [\n \"num-traits\",\n]\n\n[[package]]\nname = \"itoa\"\nversion = \"0.4.8\"\nsource = \"registry+https://github.com/rust-lang/crates.io-index\"\nchecksum = \"b71991ff56294aa922b450139ee08b3bfc70982c6b2c7562771375cf73542dd4\"\n\n[[package]]\nname = \"lazy_static\"\nversion = \"1.4.0\"\nsource = \"registry+https://github.com/rust-lang/crates.io-index\"\nchecksum = \"e2abad23fbc42b3700f2f279844dc832adb2b2eb069b2df918f455c4e18cc646\"\n\n[[package]]\nname = \"leb128\"\nversion = \"0.2.5\"\nsource = \"registry+https://github.com/rust-lang/crates.io-index\"\nchecksum = \"884e2677b40cc8c339eaefcb701c32ef1fd2493d71118dc0ca4b6a736c93bd67\"\n\n[[package]]\nname = \"libc\"\nversion = \"0.2.147\"\nsource = \"registry+https://github.com/rust-lang/crates.io-index\"\nchecksum = \"b4668fb0ea861c1df094127ac5f1da3409a82116a4ba74fca2e58ef927159bb3\"\n\n[[package]]\nname = \"libm\"\nversion = \"0.2.7\"\nsource = \"registry+https://github.com/rust-lang/crates.io-index\"\nchecksum = \"f7012b1bbb0719e1097c47611d3898568c546d597c2e74d66f6087edd5233ff4\"\n\n[[package]]\nname = \"log\"\nversion = \"0.4.19\"\nsource = \"registry+https://github.com/rust-lang/crates.io-index\"\nchecksum = \"b06a4cde4c0f271a446782e3eff8de789548ce57dbc8eca9292c27f4a42004b4\"\n\n[[package]]\nname = \"main\"\nversion = \"0.0.0\"\ndependencies = [\n \"ac-library-rs\",\n \"alga\",\n \"amplify\",\n \"amplify_derive\",\n \"amplify_num\",\n \"argio\",\n \"ascii\",\n \"az\",\n \"bitset-fixed\",\n \"bitvec\",\n \"bstr\",\n \"btreemultimap\",\n \"counter\",\n \"easy-ext\",\n \"either\",\n \"fixedbitset\",\n \"getrandom\",\n \"glidesort\",\n \"hashbag\",\n \"im-rc\",\n \"indexing\",\n \"indexmap 2.0.0\",\n \"itertools\",\n \"itertools-num\",\n \"lazy_static\",\n \"libm\",\n \"maplit\",\n \"memoise\",\n \"multimap\",\n \"multiversion\",\n \"nalgebra\",\n \"ndarray\",\n \"num\",\n \"num-bigint\",\n \"num-complex 0.4.3\",\n \"num-derive\",\n \"num-integer\",\n \"num-iter\",\n \"num-rational\",\n \"num-traits\",\n \"omniswap\",\n \"once_cell\",\n \"ordered-float 3.7.0\",\n \"pathfinding\",\n \"permutohedron\",\n \"petgraph\",\n \"proconio\",\n \"rand\",\n \"rand_chacha\",\n \"rand_core\",\n \"rand_distr\",\n \"rand_hc\",\n \"rand_pcg\",\n \"recur-fn\",\n \"regex\",\n \"rustc-hash\",\n \"smallvec\",\n \"static_assertions\",\n \"superslice\",\n \"tap\",\n \"text_io\",\n \"varisat\",\n]\n\n[[package]]\nname = \"maplit\"\nversion = \"1.0.2\"\nsource = \"registry+https://github.com/rust-lang/crates.io-index\"\nchecksum = \"3e2e65a1a2e43cfcb47a895c4c8b10d1f4a61097f9f254f183aee60cad9c651d\"\n\n[[package]]\nname = \"matrixmultiply\"\nversion = \"0.3.7\"\nsource = \"registry+https://github.com/rust-lang/crates.io-index\"\nchecksum = \"090126dc04f95dc0d1c1c91f61bdd474b3930ca064c1edc8a849da2c6cbe1e77\"\ndependencies = [\n \"autocfg\",\n \"rawpointer\",\n]\n\n[[package]]\nname = \"memchr\"\nversion = \"2.5.0\"\nsource = \"registry+https://github.com/rust-lang/crates.io-index\"\nchecksum = \"2dffe52ecf27772e601905b7522cb4ef790d2cc203488bbd0e2fe85fcb74566d\"\n\n[[package]]\nname = \"memoise\"\nversion = \"0.3.2\"\nsource = \"registry+https://github.com/rust-lang/crates.io-index\"\nchecksum = \"04d4bedd9ad829dc571ce57e21d6b270a62646889bc045f265eb92183d6599db\"\ndependencies = [\n \"proc-macro2\",\n \"quote\",\n \"syn 1.0.109\",\n]\n\n[[package]]\nname = \"multimap\"\nversion = \"0.9.0\"\nsource = \"registry+https://github.com/rust-lang/crates.io-index\"\nchecksum = \"70db9248a93dc36a36d9a47898caa007a32755c7ad140ec64eeeb50d5a730631\"\ndependencies = [\n \"serde\",\n]\n\n[[package]]\nname = \"multiversion\"\nversion = \"0.7.2\"\nsource = \"registry+https://github.com/rust-lang/crates.io-index\"\nchecksum = \"8cda45dade5144c2c929bf2ed6c24bebbba784e9198df049ec87d722b9462bd1\"\ndependencies = [\n \"multiversion-macros\",\n \"target-features\",\n]\n\n[[package]]\nname = \"multiversion-macros\"\nversion = \"0.7.2\"\nsource = \"registry+https://github.com/rust-lang/crates.io-index\"\nchecksum = \"04bffdccbd4798b61dce08c97ce8c66a68976f95541aaf284a6e90c1d1c306e1\"\ndependencies = [\n \"proc-macro2\",\n \"quote\",\n \"syn 1.0.109\",\n \"target-features\",\n]\n\n[[package]]\nname = \"nalgebra\"\nversion = \"0.32.3\"\nsource = \"registry+https://github.com/rust-lang/crates.io-index\"\nchecksum = \"307ed9b18cc2423f29e83f84fd23a8e73628727990181f18641a8b5dc2ab1caa\"\ndependencies = [\n \"approx 0.5.1\",\n \"matrixmultiply\",\n \"nalgebra-macros\",\n \"num-complex 0.4.3\",\n \"num-rational\",\n \"num-traits\",\n \"simba\",\n \"typenum\",\n]\n\n[[package]]\nname = \"nalgebra-macros\"\nversion = \"0.2.1\"\nsource = \"registry+https://github.com/rust-lang/crates.io-index\"\nchecksum = \"91761aed67d03ad966ef783ae962ef9bbaca728d2dd7ceb7939ec110fffad998\"\ndependencies = [\n \"proc-macro2\",\n \"quote\",\n \"syn 1.0.109\",\n]\n\n[[package]]\nname = \"ndarray\"\nversion = \"0.15.6\"\nsource = \"registry+https://github.com/rust-lang/crates.io-index\"\nchecksum = \"adb12d4e967ec485a5f71c6311fe28158e9d6f4bc4a447b474184d0f91a8fa32\"\ndependencies = [\n \"matrixmultiply\",\n \"num-complex 0.4.3\",\n \"num-integer\",\n \"num-traits\",\n \"rawpointer\",\n]\n\n[[package]]\nname = \"num\"\nversion = \"0.4.1\"\nsource = \"registry+https://github.com/rust-lang/crates.io-index\"\nchecksum = \"b05180d69e3da0e530ba2a1dae5110317e49e3b7f3d41be227dc5f92e49ee7af\"\ndependencies = [\n \"num-bigint\",\n \"num-complex 0.4.3\",\n \"num-integer\",\n \"num-iter\",\n \"num-rational\",\n \"num-traits\",\n]\n\n[[package]]\nname = \"num-bigint\"\nversion = \"0.4.3\"\nsource = \"registry+https://github.com/rust-lang/crates.io-index\"\nchecksum = \"f93ab6289c7b344a8a9f60f88d80aa20032336fe78da341afc91c8a2341fc75f\"\ndependencies = [\n \"autocfg\",\n \"num-integer\",\n \"num-traits\",\n]\n\n[[package]]\nname = \"num-complex\"\nversion = \"0.2.4\"\nsource = \"registry+https://github.com/rust-lang/crates.io-index\"\nchecksum = \"b6b19411a9719e753aff12e5187b74d60d3dc449ec3f4dc21e3989c3f554bc95\"\ndependencies = [\n \"autocfg\",\n \"num-traits\",\n]\n\n[[package]]\nname = \"num-complex\"\nversion = \"0.4.3\"\nsource = \"registry+https://github.com/rust-lang/crates.io-index\"\nchecksum = \"02e0d21255c828d6f128a1e41534206671e8c3ea0c62f32291e808dc82cff17d\"\ndependencies = [\n \"num-traits\",\n]\n\n[[package]]\nname = \"num-derive\"\nversion = \"0.4.0\"\nsource = \"registry+https://github.com/rust-lang/crates.io-index\"\nchecksum = \"9e6a0fd4f737c707bd9086cc16c925f294943eb62eb71499e9fd4cf71f8b9f4e\"\ndependencies = [\n \"proc-macro2\",\n \"quote\",\n \"syn 2.0.26\",\n]\n\n[[package]]\nname = \"num-integer\"\nversion = \"0.1.45\"\nsource = \"registry+https://github.com/rust-lang/crates.io-index\"\nchecksum = \"225d3389fb3509a24c93f5c29eb6bde2586b98d9f016636dff58d7c6f7569cd9\"\ndependencies = [\n \"autocfg\",\n \"num-traits\",\n]\n\n[[package]]\nname = \"num-iter\"\nversion = \"0.1.43\"\nsource = \"registry+https://github.com/rust-lang/crates.io-index\"\nchecksum = \"7d03e6c028c5dc5cac6e2dec0efda81fc887605bb3d884578bb6d6bf7514e252\"\ndependencies = [\n \"autocfg\",\n \"num-integer\",\n \"num-traits\",\n]\n\n[[package]]\nname = \"num-rational\"\nversion = \"0.4.1\"\nsource = \"registry+https://github.com/rust-lang/crates.io-index\"\nchecksum = \"0638a1c9d0a3c0914158145bc76cff373a75a627e6ecbfb71cbe6f453a5a19b0\"\ndependencies = [\n \"autocfg\",\n \"num-bigint\",\n \"num-integer\",\n \"num-traits\",\n]\n\n[[package]]\nname = \"num-traits\"\nversion = \"0.2.15\"\nsource = \"registry+https://github.com/rust-lang/crates.io-index\"\nchecksum = \"578ede34cf02f8924ab9447f50c28075b4d3e5b269972345e7e0372b38c6cdcd\"\ndependencies = [\n \"autocfg\",\n \"libm\",\n]\n\n[[package]]\nname = \"omniswap\"\nversion = \"0.1.0\"\nsource = \"registry+https://github.com/rust-lang/crates.io-index\"\nchecksum = \"8b73dba5f4428a4b36f77fb700ebba05e7f3c8bdbea4530f94427eb2009196f8\"\n\n[[package]]\nname = \"once_cell\"\nversion = \"1.18.0\"\nsource = \"registry+https://github.com/rust-lang/crates.io-index\"\nchecksum = \"dd8b5dd2ae5ed71462c540258bedcb51965123ad7e7ccf4b9a8cafaa4a63576d\"\n\n[[package]]\nname = \"ordered-float\"\nversion = \"2.10.0\"\nsource = \"registry+https://github.com/rust-lang/crates.io-index\"\nchecksum = \"7940cf2ca942593318d07fcf2596cdca60a85c9e7fab408a5e21a4f9dcd40d87\"\ndependencies = [\n \"num-traits\",\n]\n\n[[package]]\nname = \"ordered-float\"\nversion = \"3.7.0\"\nsource = \"registry+https://github.com/rust-lang/crates.io-index\"\nchecksum = \"2fc2dbde8f8a79f2102cc474ceb0ad68e3b80b85289ea62389b60e66777e4213\"\ndependencies = [\n \"num-traits\",\n]\n\n[[package]]\nname = \"partial_ref\"\nversion = \"0.3.3\"\nsource = \"registry+https://github.com/rust-lang/crates.io-index\"\nchecksum = \"0f728bc9b1479656e40cba507034904a8c44027c0efdbbaf6a4bdc5f2d3a910c\"\ndependencies = [\n \"partial_ref_derive\",\n]\n\n[[package]]\nname = \"partial_ref_derive\"\nversion = \"0.3.3\"\nsource = \"registry+https://github.com/rust-lang/crates.io-index\"\nchecksum = \"300e1d2cb5b898b5a5342e994e0d0c367dbfe69cbf717cd307045ec9fb057581\"\ndependencies = [\n \"proc-macro2\",\n \"quote\",\n \"syn 1.0.109\",\n]\n\n[[package]]\nname = \"paste\"\nversion = \"1.0.14\"\nsource = \"registry+https://github.com/rust-lang/crates.io-index\"\nchecksum = \"de3145af08024dea9fa9914f381a17b8fc6034dfb00f3a84013f7ff43f29ed4c\"\n\n[[package]]\nname = \"pathfinding\"\nversion = \"4.3.0\"\nsource = \"registry+https://github.com/rust-lang/crates.io-index\"\nchecksum = \"dfc597cf0c06c15bcca90fba95ee81b3a80a934403562001d0ed7d8626f7c6ae\"\ndependencies = [\n \"fixedbitset\",\n \"indexmap 1.9.3\",\n \"integer-sqrt\",\n \"num-traits\",\n \"rustc-hash\",\n \"thiserror\",\n]\n\n[[package]]\nname = \"permutohedron\"\nversion = \"0.2.4\"\nsource = \"registry+https://github.com/rust-lang/crates.io-index\"\nchecksum = \"b687ff7b5da449d39e418ad391e5e08da53ec334903ddbb921db208908fc372c\"\n\n[[package]]\nname = \"petgraph\"\nversion = \"0.6.3\"\nsource = \"registry+https://github.com/rust-lang/crates.io-index\"\nchecksum = \"4dd7d28ee937e54fe3080c91faa1c3a46c06de6252988a7f4592ba2310ef22a4\"\ndependencies = [\n \"fixedbitset\",\n \"indexmap 1.9.3\",\n]\n\n[[package]]\nname = \"ppv-lite86\"\nversion = \"0.2.17\"\nsource = \"registry+https://github.com/rust-lang/crates.io-index\"\nchecksum = \"5b40af805b3121feab8a3c29f04d8ad262fa8e0561883e7653e024ae4479e6de\"\n\n[[package]]\nname = \"proc-macro2\"\nversion = \"1.0.65\"\nsource = \"registry+https://github.com/rust-lang/crates.io-index\"\nchecksum = \"92de25114670a878b1261c79c9f8f729fb97e95bac93f6312f583c60dd6a1dfe\"\ndependencies = [\n \"unicode-ident\",\n]\n\n[[package]]\nname = \"proconio\"\nversion = \"0.4.5\"\nsource = \"registry+https://github.com/rust-lang/crates.io-index\"\nchecksum = \"0eb404616795079e2390e7115acf0ada24e9332e8476de2aada7bacb9992dc9e\"\ndependencies = [\n \"proconio-derive\",\n]\n\n[[package]]\nname = \"proconio-derive\"\nversion = \"0.2.1\"\nsource = \"registry+https://github.com/rust-lang/crates.io-index\"\nchecksum = \"bccfa078f1a3db6563793531989799a2201d9bdf609f48dd82620b443fbcd409\"\ndependencies = [\n \"proc-macro2\",\n \"quote\",\n \"syn 1.0.109\",\n]\n\n[[package]]\nname = \"quote\"\nversion = \"1.0.30\"\nsource = \"registry+https://github.com/rust-lang/crates.io-index\"\nchecksum = \"5907a1b7c277254a8b15170f6e7c97cfa60ee7872a3217663bb81151e48184bb\"\ndependencies = [\n \"proc-macro2\",\n]\n\n[[package]]\nname = \"radium\"\nversion = \"0.7.0\"\nsource = \"registry+https://github.com/rust-lang/crates.io-index\"\nchecksum = \"dc33ff2d4973d518d823d61aa239014831e521c75da58e3df4840d3f47749d09\"\n\n[[package]]\nname = \"rand\"\nversion = \"0.8.5\"\nsource = \"registry+https://github.com/rust-lang/crates.io-index\"\nchecksum = \"34af8d1a0e25924bc5b7c43c079c942339d8f0a8b57c39049bef581b46327404\"\ndependencies = [\n \"libc\",\n \"rand_chacha\",\n \"rand_core\",\n]\n\n[[package]]\nname = \"rand_chacha\"\nversion = \"0.3.1\"\nsource = \"registry+https://github.com/rust-lang/crates.io-index\"\nchecksum = \"e6c10a63a0fa32252be49d21e7709d4d4baf8d231c2dbce1eaa8141b9b127d88\"\ndependencies = [\n \"ppv-lite86\",\n \"rand_core\",\n]\n\n[[package]]\nname = \"rand_core\"\nversion = \"0.6.4\"\nsource = \"registry+https://github.com/rust-lang/crates.io-index\"\nchecksum = \"ec0be4795e2f6a28069bec0b5ff3e2ac9bafc99e6a9a7dc3547996c5c816922c\"\ndependencies = [\n \"getrandom\",\n]\n\n[[package]]\nname = \"rand_distr\"\nversion = \"0.4.3\"\nsource = \"registry+https://github.com/rust-lang/crates.io-index\"\nchecksum = \"32cb0b9bc82b0a0876c2dd994a7e7a2683d3e7390ca40e6886785ef0c7e3ee31\"\ndependencies = [\n \"num-traits\",\n \"rand\",\n]\n\n[[package]]\nname = \"rand_hc\"\nversion = \"0.3.2\"\nsource = \"registry+https://github.com/rust-lang/crates.io-index\"\nchecksum = \"7b363d4f6370f88d62bf586c80405657bde0f0e1b8945d47d2ad59b906cb4f54\"\ndependencies = [\n \"rand_core\",\n]\n\n[[package]]\nname = \"rand_pcg\"\nversion = \"0.3.1\"\nsource = \"registry+https://github.com/rust-lang/crates.io-index\"\nchecksum = \"59cad018caf63deb318e5a4586d99a24424a364f40f1e5778c29aca23f4fc73e\"\ndependencies = [\n \"rand_core\",\n]\n\n[[package]]\nname = \"rand_xoshiro\"\nversion = \"0.6.0\"\nsource = \"registry+https://github.com/rust-lang/crates.io-index\"\nchecksum = \"6f97cdb2a36ed4183de61b2f824cc45c9f1037f28afe0a322e9fff4c108b5aaa\"\ndependencies = [\n \"rand_core\",\n]\n\n[[package]]\nname = \"rawpointer\"\nversion = \"0.2.1\"\nsource = \"registry+https://github.com/rust-lang/crates.io-index\"\nchecksum = \"60a357793950651c4ed0f3f52338f53b2f809f32d83a07f72909fa13e4c6c1e3\"\n\n[[package]]\nname = \"recur-fn\"\nversion = \"2.2.0\"\nsource = \"registry+https://github.com/rust-lang/crates.io-index\"\nchecksum = \"ddb239d0574f3f7a7f44da906a0484f1fc284f89cfbc4eca1895420dbf948201\"\n\n[[package]]\nname = \"regex\"\nversion = \"1.9.1\"\nsource = \"registry+https://github.com/rust-lang/crates.io-index\"\nchecksum = \"b2eae68fc220f7cf2532e4494aded17545fce192d59cd996e0fe7887f4ceb575\"\ndependencies = [\n \"aho-corasick\",\n \"memchr\",\n \"regex-automata\",\n \"regex-syntax\",\n]\n\n[[package]]\nname = \"regex-automata\"\nversion = \"0.3.3\"\nsource = \"registry+https://github.com/rust-lang/crates.io-index\"\nchecksum = \"39354c10dd07468c2e73926b23bb9c2caca74c5501e38a35da70406f1d923310\"\ndependencies = [\n \"aho-corasick\",\n \"memchr\",\n \"regex-syntax\",\n]\n\n[[package]]\nname = \"regex-syntax\"\nversion = \"0.7.4\"\nsource = \"registry+https://github.com/rust-lang/crates.io-index\"\nchecksum = \"e5ea92a5b6195c6ef2a0295ea818b312502c6fc94dde986c5553242e18fd4ce2\"\n\n[[package]]\nname = \"rustc-hash\"\nversion = \"1.1.0\"\nsource = \"registry+https://github.com/rust-lang/crates.io-index\"\nchecksum = \"08d43f7aa6b08d49f382cde6a7982047c3426db949b1424bc4b7ec9ae12c6ce2\"\n\n[[package]]\nname = \"safe_arch\"\nversion = \"0.7.0\"\nsource = \"registry+https://github.com/rust-lang/crates.io-index\"\nchecksum = \"62a7484307bd40f8f7ccbacccac730108f2cae119a3b11c74485b48aa9ea650f\"\ndependencies = [\n \"bytemuck\",\n]\n\n[[package]]\nname = \"serde\"\nversion = \"1.0.171\"\nsource = \"registry+https://github.com/rust-lang/crates.io-index\"\nchecksum = \"30e27d1e4fd7659406c492fd6cfaf2066ba8773de45ca75e855590f856dc34a9\"\ndependencies = [\n \"serde_derive\",\n]\n\n[[package]]\nname = \"serde_derive\"\nversion = \"1.0.171\"\nsource = \"registry+https://github.com/rust-lang/crates.io-index\"\nchecksum = \"389894603bd18c46fa56231694f8d827779c0951a667087194cf9de94ed24682\"\ndependencies = [\n \"proc-macro2\",\n \"quote\",\n \"syn 2.0.26\",\n]\n\n[[package]]\nname = \"simba\"\nversion = \"0.8.1\"\nsource = \"registry+https://github.com/rust-lang/crates.io-index\"\nchecksum = \"061507c94fc6ab4ba1c9a0305018408e312e17c041eb63bef8aa726fa33aceae\"\ndependencies = [\n \"approx 0.5.1\",\n \"num-complex 0.4.3\",\n \"num-traits\",\n \"paste\",\n \"wide\",\n]\n\n[[package]]\nname = \"sized-chunks\"\nversion = \"0.6.5\"\nsource = \"registry+https://github.com/rust-lang/crates.io-index\"\nchecksum = \"16d69225bde7a69b235da73377861095455d298f2b970996eec25ddbb42b3d1e\"\ndependencies = [\n \"bitmaps\",\n \"typenum\",\n]\n\n[[package]]\nname = \"smallvec\"\nversion = \"1.11.0\"\nsource = \"registry+https://github.com/rust-lang/crates.io-index\"\nchecksum = \"62bb4feee49fdd9f707ef802e22365a35de4b7b299de4763d44bfea899442ff9\"\ndependencies = [\n \"arbitrary\",\n \"serde\",\n]\n\n[[package]]\nname = \"static_assertions\"\nversion = \"1.1.0\"\nsource = \"registry+https://github.com/rust-lang/crates.io-index\"\nchecksum = \"a2eb9349b6444b326872e140eb1cf5e7c522154d69e7a0ffb0fb81c06b37543f\"\n\n[[package]]\nname = \"stringly_conversions\"\nversion = \"0.1.1\"\nsource = \"registry+https://github.com/rust-lang/crates.io-index\"\nchecksum = \"ff63080f492dd4d289ffcaed8d7ece38adfb423db910eb342c0e04d409536a7a\"\ndependencies = [\n \"paste\",\n]\n\n[[package]]\nname = \"superslice\"\nversion = \"1.0.0\"\nsource = \"registry+https://github.com/rust-lang/crates.io-index\"\nchecksum = \"ab16ced94dbd8a46c82fd81e3ed9a8727dac2977ea869d217bcc4ea1f122e81f\"\n\n[[package]]\nname = \"syn\"\nversion = \"1.0.109\"\nsource = \"registry+https://github.com/rust-lang/crates.io-index\"\nchecksum = \"72b64191b275b66ffe2469e8af2c1cfe3bafa67b529ead792a6d0160888b4237\"\ndependencies = [\n \"proc-macro2\",\n \"quote\",\n \"unicode-ident\",\n]\n\n[[package]]\nname = \"syn\"\nversion = \"2.0.26\"\nsource = \"registry+https://github.com/rust-lang/crates.io-index\"\nchecksum = \"45c3457aacde3c65315de5031ec191ce46604304d2446e803d71ade03308d970\"\ndependencies = [\n \"proc-macro2\",\n \"quote\",\n \"unicode-ident\",\n]\n\n[[package]]\nname = \"synstructure\"\nversion = \"0.12.6\"\nsource = \"registry+https://github.com/rust-lang/crates.io-index\"\nchecksum = \"f36bdaa60a83aca3921b5259d5400cbf5e90fc51931376a9bd4a0eb79aa7210f\"\ndependencies = [\n \"proc-macro2\",\n \"quote\",\n \"syn 1.0.109\",\n \"unicode-xid\",\n]\n\n[[package]]\nname = \"tap\"\nversion = \"1.0.1\"\nsource = \"registry+https://github.com/rust-lang/crates.io-index\"\nchecksum = \"55937e1799185b12863d447f42597ed69d9928686b8d88a1df17376a097d8369\"\n\n[[package]]\nname = \"target-features\"\nversion = \"0.1.4\"\nsource = \"registry+https://github.com/rust-lang/crates.io-index\"\nchecksum = \"06f6b473c37f9add4cf1df5b4d66a8ef58ab6c895f1a3b3f949cf3e21230140e\"\n\n[[package]]\nname = \"text_io\"\nversion = \"0.1.12\"\nsource = \"registry+https://github.com/rust-lang/crates.io-index\"\nchecksum = \"d5f0c8eb2ad70c12a6a69508f499b3051c924f4b1cfeae85bfad96e6bc5bba46\"\n\n[[package]]\nname = \"thiserror\"\nversion = \"1.0.43\"\nsource = \"registry+https://github.com/rust-lang/crates.io-index\"\nchecksum = \"a35fc5b8971143ca348fa6df4f024d4d55264f3468c71ad1c2f365b0a4d58c42\"\ndependencies = [\n \"thiserror-impl\",\n]\n\n[[package]]\nname = \"thiserror-impl\"\nversion = \"1.0.43\"\nsource = \"registry+https://github.com/rust-lang/crates.io-index\"\nchecksum = \"463fe12d7993d3b327787537ce8dd4dfa058de32fc2b195ef3cde03dc4771e8f\"\ndependencies = [\n \"proc-macro2\",\n \"quote\",\n \"syn 2.0.26\",\n]\n\n[[package]]\nname = \"typenum\"\nversion = \"1.16.0\"\nsource = \"registry+https://github.com/rust-lang/crates.io-index\"\nchecksum = \"497961ef93d974e23eb6f433eb5fe1b7930b659f06d12dec6fc44a8f554c0bba\"\n\n[[package]]\nname = \"unicode-ident\"\nversion = \"1.0.11\"\nsource = \"registry+https://github.com/rust-lang/crates.io-index\"\nchecksum = \"301abaae475aa91687eb82514b328ab47a211a533026cb25fc3e519b86adfc3c\"\n\n[[package]]\nname = \"unicode-xid\"\nversion = \"0.2.4\"\nsource = \"registry+https://github.com/rust-lang/crates.io-index\"\nchecksum = \"f962df74c8c05a667b5ee8bcf162993134c104e96440b663c8daa176dc772d8c\"\n\n[[package]]\nname = \"varisat\"\nversion = \"0.2.2\"\nsource = \"registry+https://github.com/rust-lang/crates.io-index\"\nchecksum = \"ebe609851d1e9196674ac295f656bd8601200a1077343d22b345013497807caf\"\ndependencies = [\n \"anyhow\",\n \"itoa\",\n \"leb128\",\n \"log\",\n \"ordered-float 2.10.0\",\n \"partial_ref\",\n \"rustc-hash\",\n \"serde\",\n \"thiserror\",\n \"varisat-checker\",\n \"varisat-dimacs\",\n \"varisat-formula\",\n \"varisat-internal-macros\",\n \"varisat-internal-proof\",\n \"vec_mut_scan\",\n]\n\n[[package]]\nname = \"varisat-checker\"\nversion = \"0.2.2\"\nsource = \"registry+https://github.com/rust-lang/crates.io-index\"\nchecksum = \"135c977c5913ed6e98f6b81b8e4d322211303b7d40dae773caef7ad1de6c763b\"\ndependencies = [\n \"anyhow\",\n \"log\",\n \"partial_ref\",\n \"rustc-hash\",\n \"smallvec\",\n \"thiserror\",\n \"varisat-dimacs\",\n \"varisat-formula\",\n \"varisat-internal-proof\",\n]\n\n[[package]]\nname = \"varisat-dimacs\"\nversion = \"0.2.2\"\nsource = \"registry+https://github.com/rust-lang/crates.io-index\"\nchecksum = \"3d1dee4e21be1f04c0a939f7ae710cced47233a578de08a1b3c7d50848402636\"\ndependencies = [\n \"anyhow\",\n \"itoa\",\n \"thiserror\",\n \"varisat-formula\",\n]\n\n[[package]]\nname = \"varisat-formula\"\nversion = \"0.2.2\"\nsource = \"registry+https://github.com/rust-lang/crates.io-index\"\nchecksum = \"395c5543b9bfd9076d6d3af49d6c34a4b91b0b355998c0a5ec6ed7265d364520\"\n\n[[package]]\nname = \"varisat-internal-macros\"\nversion = \"0.2.2\"\nsource = \"registry+https://github.com/rust-lang/crates.io-index\"\nchecksum = \"602ece773543d066aa7848455486c6c0422a3f214da7a2b899100f3c4f12408d\"\ndependencies = [\n \"proc-macro2\",\n \"quote\",\n \"regex\",\n \"syn 1.0.109\",\n \"synstructure\",\n]\n\n[[package]]\nname = \"varisat-internal-proof\"\nversion = \"0.2.2\"\nsource = \"registry+https://github.com/rust-lang/crates.io-index\"\nchecksum = \"6163bb7bc9018af077b76d64f976803d141c36a27d640f1437dddc4fd527d207\"\ndependencies = [\n \"anyhow\",\n \"varisat-formula\",\n]\n\n[[package]]\nname = \"vec_mut_scan\"\nversion = \"0.3.0\"\nsource = \"registry+https://github.com/rust-lang/crates.io-index\"\nchecksum = \"68ed610a8d5e63d9c0e31300e8fdb55104c5f21e422743a9dc74848fa8317fd2\"\n\n[[package]]\nname = \"version_check\"\nversion = \"0.9.4\"\nsource = \"registry+https://github.com/rust-lang/crates.io-index\"\nchecksum = \"49874b5167b65d7193b8aba1567f5c7d93d001cafc34600cee003eda787e483f\"\n\n[[package]]\nname = \"wasi\"\nversion = \"0.11.0+wasi-snapshot-preview1\"\nsource = \"registry+https://github.com/rust-lang/crates.io-index\"\nchecksum = \"9c8d87e72b64a3b4db28d11ce29237c246188f4f51057d65a7eab63b7987e423\"\n\n[[package]]\nname = \"wasm-bindgen\"\nversion = \"0.2.87\"\nsource = \"registry+https://github.com/rust-lang/crates.io-index\"\nchecksum = \"7706a72ab36d8cb1f80ffbf0e071533974a60d0a308d01a5d0375bf60499a342\"\ndependencies = [\n \"cfg-if\",\n \"wasm-bindgen-macro\",\n]\n\n[[package]]\nname = \"wasm-bindgen-backend\"\nversion = \"0.2.87\"\nsource = \"registry+https://github.com/rust-lang/crates.io-index\"\nchecksum = \"5ef2b6d3c510e9625e5fe6f509ab07d66a760f0885d858736483c32ed7809abd\"\ndependencies = [\n \"bumpalo\",\n \"log\",\n \"once_cell\",\n \"proc-macro2\",\n \"quote\",\n \"syn 2.0.26\",\n \"wasm-bindgen-shared\",\n]\n\n[[package]]\nname = \"wasm-bindgen-macro\"\nversion = \"0.2.87\"\nsource = \"registry+https://github.com/rust-lang/crates.io-index\"\nchecksum = \"dee495e55982a3bd48105a7b947fd2a9b4a8ae3010041b9e0faab3f9cd028f1d\"\ndependencies = [\n \"quote\",\n \"wasm-bindgen-macro-support\",\n]\n\n[[package]]\nname = \"wasm-bindgen-macro-support\"\nversion = \"0.2.87\"\nsource = \"registry+https://github.com/rust-lang/crates.io-index\"\nchecksum = \"54681b18a46765f095758388f2d0cf16eb8d4169b639ab575a8f5693af210c7b\"\ndependencies = [\n \"proc-macro2\",\n \"quote\",\n \"syn 2.0.26\",\n \"wasm-bindgen-backend\",\n \"wasm-bindgen-shared\",\n]\n\n[[package]]\nname = \"wasm-bindgen-shared\"\nversion = \"0.2.87\"\nsource = \"registry+https://github.com/rust-lang/crates.io-index\"\nchecksum = \"ca6ad05a4870b2bf5fe995117d3728437bd27d7cd5f06f13c17443ef369775a1\"\n\n[[package]]\nname = \"wide\"\nversion = \"0.7.11\"\nsource = \"registry+https://github.com/rust-lang/crates.io-index\"\nchecksum = \"aa469ffa65ef7e0ba0f164183697b89b854253fd31aeb92358b7b6155177d62f\"\ndependencies = [\n \"bytemuck\",\n \"safe_arch\",\n]\n\n[[package]]\nname = \"wyz\"\nversion = \"0.5.1\"\nsource = \"registry+https://github.com/rust-lang/crates.io-index\"\nchecksum = \"05f360fc0b24296329c78fda852a1e9ae82de9cf7b27dae4b7f62f118f77b9ed\"\ndependencies = [\n \"tap\",\n]\n"
}
